age	body_part_0	body_part_30	body_part_31	body_part_32	body_part_33	body_part_34	body_part_35	body_part_36	body_part_37	body_part_38	body_part_75	body_part_76	body_part_77	body_part_79	body_part_80	body_part_81	body_part_82	body_part_83	body_part_84	body_part_85	body_part_87	body_part_88	body_part_89	body_part_92	body_part_93	body_part_94	diag_41	diag_42	diag_46	diag_47	diag_48	diag_49	diag_50	diag_51	diag_52	diag_53	diag_54	diag_55	diag_56	diag_57	diag_58	diag_59	diag_60	diag_61	diag_62	diag_63	diag_64	diag_65	diag_66	diag_67	diag_68	diag_69	diag_71	diag_72	diag_73	diag_74	location_0	location_1	location_2	location_4	location_5	location_6	location_7	location_8	location_9	month	prod_targ_1	prod_targ_2	prod_targ_4	prod_targ_5	prod_targ_6	prod_targ_8	prod_targ_9	race_0	race_1	race_2	race_3	race_4	race_5	race_6	sex_0	sex_1	sex_2	stratum_c	stratum_l	stratum_m	stratum_s	stratum_v
20.0	0	0	0	0	0	0	0	0	0	0	0	0	1.0	0	0	0	0	0	0	0	0	0	0	0	0	0	0	0	0	0	0	0	0	0	0	0	0	0	0	0	0	1.0	0	0	0	0	0	0	0	0	0	0	0	0	0	0	0	0	0	1.0	0	0	0	0	0	11	0.058708189111	0.127128082737	0.204506315408	0.136788704847	0.0542431589886	0.111599297012	0.0714285714286	0	0	0	0	0	1.0	0	0	1.0	0	0	0	0	0	0
