sex_1	race_5	stratum_V	diag_59	body_part_77	location_4	diag_50	diag_51	diag_52	diag_53	diag_54	diag_55	body_part_0	diag_57	diag_58	diag_73	diag_71	location_6	diag_41	diag_74	body_part_36	body_part_37	body_part_34	body_part_35	body_part_32	body_part_33	body_part_30	body_part_31	sex_0	diag_48	body_part_38	location_7	body_part_76	diag_56	body_part_75	body_part_79	diag_72	body_part_92	body_part_93	body_part_94	sex_2	stratum_m	diag_67	location_5	location_2	diag_42	location_0	diag_66	diag_69	diag_68	location_1	stratum_c	stratum_l	diag_64	location_8	location_9	diag_61	diag_60	diag_63	diag_62	stratum_v	diag_47	stratum_s	race_0	race_1	race_2	race_3	race_4	race_6	diag_65	diag_46	body_part_83	body_part_82	body_part_81	body_part_80	body_part_87	body_part_85	body_part_84	body_part_89	body_part_88	diag_49
1.0	1.0	1.0	1.0	1.0	1.0	0	0	0	0	0	0	0	0	0	0	0	0	0	0	0	0	0	0	0	0	0	0	0	0	0	0	0	0	0	0	0	0	0	0	0	0	0	0	0	0	0	0	0	0	0	0	0	0	0	0	0	0	0	0	0	0	0	0	0	0	0	0	0	0	0	0	0	0	0	0	0	0	0	0	0
